Microchip MPLAB XC8 Compiler V1.43 ()

Linker command line:

-W-3 --edf=/opt/microchip/xc8/v1.43/dat/en_msgs.txt -cs \
  -h+dist/default/production/fan.X.production.sym \
  --cmf=dist/default/production/fan.X.production.cmf -z -Q16F877A \
  -o/tmp/xcXkoYk6I -Mdist/default/production/fan.X.production.map -E1 \
  -ver=XC8 -ASTACK=0110h-016fh -pstack=STACK -ACODE=00h-07FFhx4 \
  -ASTRCODE=00h-01FFFh -ASTRING=00h-0FFhx32 -ACONST=00h-0FFhx32 \
  -AENTRY=00h-0FFhx32 -ACOMMON=070h-07Fh -ABANK0=020h-06Fh \
  -ABANK1=0A0h-0EFh -ABANK2=0110h-016Fh -ABANK3=0190h-01EFh \
  -ARAM=020h-06Fh,0A0h-0EFh,0110h-016Fh,0190h-01EFh \
  -AABS1=020h-07Fh,0A0h-0EFh,0110h-016Fh,0190h-01EFh -ASFR0=00h-01Fh \
  -ASFR1=080h-09Fh -ASFR2=0100h-010Fh -ASFR3=0180h-018Fh \
  -preset_vec=00h,intentry=04h,init,end_init -ppowerup=CODE -pcinit=CODE \
  -pfunctab=ENTRY -ACONFIG=02007h-02007h -pconfig=CONFIG -DCONFIG=2 \
  -AIDLOC=02000h-02003h -pidloc=IDLOC -DIDLOC=2 -AEEDATA=00h-0FFh/02100h \
  -peeprom_data=EEDATA -DEEDATA=2 -DCODE=2 -DSTRCODE=2 -DSTRING=2 -DCONST=2 \
  -DENTRY=2 -k /tmp/xcXYPFDMe.obj \
  dist/default/production/fan.X.production.obj 

Object code version is 3.11

Machine type is 16F877A



                Name                               Link     Load   Length Selector   Space Scale
/tmp/xcXYPFDMe.obj
                end_init                             12       12        3        8       0
                reset_vec                             0        0        3        0       0
                config                             2007     2007        1     400E       0
dist/default/production/fan.X.production.obj
                cinit                                15       15       10        8       0
                intentry                              4        4        E        8       0
                text4                               1BC      1BC       14        8       0
                text3                               15D      15D       3E        8       0
                text2                               19B      19B       21        8       0
                text1                                25       25       C2        8       0
                maintext                             E7       E7       76        8       0
                cstackBANK0                          20       20       22       20       1
                cstackCOMMON                         70       70        A       70       1
                inittext                            1D0      1D0       11        8       0
                dataBANK0                            42       42        A       20       1
                strings                             1EB      1EB        A      3D6       0
                idataBANK0                          1E1      1E1        A        8       0

TOTAL           Name                               Link     Load   Length     Space
        CLASS   STACK          

        CLASS   CODE           
                end_init                             12       12        3         0
                cinit                                15       15       10         0
                intentry                              4        4        E         0
                reset_vec                             0        0        3         0
                text4                               1BC      1BC       14         0
                text3                               15D      15D       3E         0
                text2                               19B      19B       21         0
                text1                                25       25       C2         0
                maintext                             E7       E7       76         0
                inittext                            1D0      1D0       11         0
                idataBANK0                          1E1      1E1        A         0

        CLASS   STRCODE        

        CLASS   STRING         
                strings                             1EB      1EB        A         0

        CLASS   CONST          

        CLASS   ENTRY          

        CLASS   COMMON         
                cstackCOMMON                         70       70        A         1

        CLASS   BANK0          
                cstackBANK0                          20       20       22         1
                dataBANK0                            42       42        A         1

        CLASS   BANK1          

        CLASS   BANK2          

        CLASS   BANK3          

        CLASS   RAM            

        CLASS   ABS1           
                abs_s1                               7E       7E        2         1

        CLASS   SFR0           

        CLASS   SFR1           

        CLASS   SFR2           

        CLASS   SFR3           

        CLASS   CONFIG         
                config                             2007     2007        1         0

        CLASS   IDLOC          

        CLASS   EEDATA         



SEGMENTS        Name                           Load    Length   Top    Selector   Space  Class     Delta

                reset_vec                      000000  000003  000003         0       0  CODE        2
                intentry                       000004  0001E7  0001EB         8       0  CODE        2
                cstackBANK0                    000020  00002C  00004C        20       1  BANK0       1
                cstackCOMMON                   000070  00000A  00007A        70       1  COMMON      1
                strings                        0001EB  00000A  0001F5       3D6       0  STRING      2
                config                         002007  000001  002008      400E       0  CONFIG      2


UNUSED ADDRESS RANGES

        Name                Unused          Largest block    Delta
        BANK0            004C-006F             24           1
        BANK1            00A0-00EF             50           1
        BANK2            0110-016F             60           1
        BANK3            0190-01EF             60           1
        CODE             0003-0003              1           2
                         01F5-1FFF            800
        COMMON           007A-007D              4           1
        CONST            0003-0003              1           2
                         01F5-1FFF            100
        EEDATA           2100-21FF            100           2
        ENTRY            0003-0003              1           2
                         01F5-1FFF            100
        IDLOC            2000-2003              4           2
        RAM              004C-006F             24           1
                         00A0-00EF             50
                         0110-016F             60
                         0190-01EF             60
        SFR0             0000-001F             20           1
        SFR1             0080-009F             20           1
        SFR2             0100-010F             10           1
        SFR3             0180-018F             10           1
        STACK            0110-016F             60           1
        STRCODE          0003-0003              1           2
                         01F5-1FFF           1E0B
        STRING           0003-0003              1           2
                         01F5-1FFF            100

                                  Symbol Table

?___lwdiv                              cstackBANK0  0020
?___wmul                               cstackCOMMON 0074
?_rps_timer1                           cstackBANK0  0028
_CCP1CON                               (abs)        0017
_CCP1M2                                (abs)        00BA
_CCP1M3                                (abs)        00BB
_CCPR1L                                (abs)        0015
_FAN                                   dataBANK0    0042
_GIE                                   (abs)        005F
_INTE                                  (abs)        005C
_INTEDG                                (abs)        040E
_INTF                                  (abs)        0059
_PR2                                   (abs)        0092
_RB7                                   (abs)        0037
_RPSMIN                                strings      01F1
_T1CKPS0                               (abs)        0084
_T1CKPS1                               (abs)        0085
_T1FOSC                                strings      01F3
_T2CKPS0                               (abs)        0090
_T2CKPS1                               (abs)        0091
_TMR1                                  (abs)        000E
_TMR1CS                                (abs)        0081
_TMR1ON                                (abs)        0080
_TMR2ON                                (abs)        0092
_TRISB0                                (abs)        0430
_TRISB7                                (abs)        0437
_TRISC2                                (abs)        043A
__CFG_BOREN$OFF                        (abs)        0000
__CFG_CP$OFF                           (abs)        0000
__CFG_CPD$OFF                          (abs)        0000
__CFG_FOSC$EXTRC                       (abs)        0000
__CFG_LVP$OFF                          (abs)        0000
__CFG_PWRTE$OFF                        (abs)        0000
__CFG_WDTE$OFF                         (abs)        0000
__CFG_WRT$OFF                          (abs)        0000
__Habs1                                abs1         0000
__Hbank0                               bank0        0000
__Hbank1                               bank1        0000
__Hbank2                               bank2        0000
__Hbank3                               bank3        0000
__Hcinit                               cinit        0025
__Hclrtext                             clrtext      0000
__Hcode                                code         0000
__Hcommon                              common       0000
__Hconfig                              config       2008
__HcstackBANK0                         cstackBANK0  0000
__HcstackCOMMON                        cstackCOMMON 0000
__HdataBANK0                           dataBANK0    0000
__Heeprom_data                         eeprom_data  0000
__Hend_init                            end_init     0015
__Hfunctab                             functab      0000
__HidataBANK0                          idataBANK0   0000
__Hidloc                               idloc        0000
__Hinit                                init         0012
__Hinittext                            inittext     0000
__Hintentry                            intentry     0012
__Hmaintext                            maintext     0000
__Hpowerup                             powerup      0000
__Hram                                 ram          0000
__Hreset_vec                           reset_vec    0003
__Hsfr0                                sfr0         0000
__Hsfr1                                sfr1         0000
__Hsfr2                                sfr2         0000
__Hsfr3                                sfr3         0000
__Hspace_0                             (abs)        2008
__Hspace_1                             (abs)        007A
__Hspace_2                             (abs)        0000
__Hspace_3                             (abs)        0000
__Hstack                               stack        0000
__Hstrings                             strings      0000
__Htext                                text         0000
__Labs1                                abs1         0000
__Lbank0                               bank0        0000
__Lbank1                               bank1        0000
__Lbank2                               bank2        0000
__Lbank3                               bank3        0000
__Lcinit                               cinit        0015
__Lclrtext                             clrtext      0000
__Lcode                                code         0000
__Lcommon                              common       0000
__Lconfig                              config       2007
__LcstackBANK0                         cstackBANK0  0000
__LcstackCOMMON                        cstackCOMMON 0000
__LdataBANK0                           dataBANK0    0000
__Leeprom_data                         eeprom_data  0000
__Lend_init                            end_init     0012
__Lfunctab                             functab      0000
__LidataBANK0                          idataBANK0   0000
__Lidloc                               idloc        0000
__Linit                                init         0012
__Linittext                            inittext     0000
__Lintentry                            intentry     0004
__Lmaintext                            maintext     0000
__Lpowerup                             powerup      0000
__Lram                                 ram          0000
__Lreset_vec                           reset_vec    0000
__Lsfr0                                sfr0         0000
__Lsfr1                                sfr1         0000
__Lsfr2                                sfr2         0000
__Lsfr3                                sfr3         0000
__Lspace_0                             (abs)        0000
__Lspace_1                             (abs)        0000
__Lspace_2                             (abs)        0000
__Lspace_3                             (abs)        0000
__Lstack                               stack        0000
__Lstrings                             strings      0000
__Ltext                                text         0000
__S0                                   (abs)        2008
__S1                                   (abs)        007A
__S2                                   (abs)        0000
__S3                                   (abs)        0000
___int_sp                              stack        0000
___latbits                             (abs)        0002
___lwdiv                               text3        015D
___lwdiv@counter                       cstackBANK0  0027
___lwdiv@dividend                      cstackBANK0  0022
___lwdiv@divisor                       cstackBANK0  0020
___lwdiv@quotient                      cstackBANK0  0025
___sp                                  stack        0000
___wmul                                text2        019B
___wmul@multiplicand                   cstackCOMMON 0076
___wmul@multiplier                     cstackCOMMON 0074
___wmul@product                        cstackCOMMON 0078
__end_of_RPSMIN                        strings      01F3
__end_of_T1FOSC                        strings      01F5
__end_of___lwdiv                       text3        019B
__end_of___wmul                        text2        01BC
__end_of__initialization               cinit        0021
__end_of__stringtab                    strings      01F1
__end_of_main                          maintext     015D
__end_of_raycast_intersection_cleared  text4        01D0
__end_of_rps_timer1                    text1        00E7
__initialization                       cinit        0015
__pcstackBANK0                         cstackBANK0  0020
__pcstackCOMMON                        cstackCOMMON 0070
__pdataBANK0                           dataBANK0    0042
__pidataBANK0                          idataBANK0   01E1
__pintentry                            intentry     0004
__pmaintext                            maintext     00E7
__pstrings                             strings      01EB
__ptext1                               text1        0025
__ptext2                               text2        019B
__ptext3                               text3        015D
__ptext4                               text4        01BC
__size_of___lwdiv                      (abs)        0000
__size_of___wmul                       (abs)        0000
__size_of_main                         (abs)        0000
__size_of_raycast_intersection_cleared (abs)        0000
__size_of_rps_timer1                   (abs)        0000
__stringbase                           strings      01F0
__stringtab                            strings      01EB
_main                                  maintext     00E7
_nRBPU                                 (abs)        040F
_raycast_intersection_cleared          text4        01BC
_rps_timer1                            text1        0025
_rps_timer1$465                        cstackBANK0  0038
btemp                                  (abs)        007E
end_of_initialization                  cinit        0021
init_fetch0                            inittext     01D0
init_ram0                              inittext     01D4
interrupt_function                     intentry     0004
intlevel0                              functab      0000
intlevel1                              functab      0000
intlevel2                              functab      0000
intlevel3                              functab      0000
intlevel4                              functab      0000
intlevel5                              functab      0000
reset_vec                              reset_vec    0000
rps_timer1@t                           cstackBANK0  0032
rps_timer1@x                           cstackBANK0  0028
saved_w                                (abs)        007E
stackhi                                (abs)        0000
stacklo                                (abs)        0000
start                                  init         0012
start_initialization                   cinit        0015
wtemp0                                 (abs)        007E


FUNCTION INFORMATION:

 *************** function _main *****************
 Defined at:
		line 60 in file "main.c"
 Parameters:    Size  Location     Type
		None
 Auto vars:     Size  Location     Type
		None
 Return value:  Size  Location     Type
                  2   68[None  ] int 
 Registers used:
		wreg, fsr0l, fsr0h, status,2, status,0, btemp+1, pclath, cstack
 Tracked objects:
		On entry : 
		On exit  : 
		Unchanged: 
 Data sizes:     COMMON   BANK0   BANK1   BANK3   BANK2
      Params:         0       0       0       0       0
      Locals:         0       0       0       0       0
      Temps:          0       8       0       0       0
      Totals:         0       8       0       0       0
Total ram usage:        8 bytes
 Hardware stack levels required when called:    3
 This function calls:
		___lwdiv
		___wmul
		_rps_timer1
 This function is called by:
		Startup code after reset
 This function uses a non-reentrant model


 *************** function _rps_timer1 *****************
 Defined at:
		line 41 in file "main.c"
 Parameters:    Size  Location     Type
  x              10    8[BANK0 ] volatile struct .
  t               2   18[BANK0 ] unsigned int 
 Auto vars:     Size  Location     Type
		None
 Return value:  Size  Location     Type
                  10    8[BANK0 ] struct .
 Registers used:
		wreg, fsr0l, fsr0h, status,2, status,0, btemp+1, pclath, cstack
 Tracked objects:
		On entry : 
		On exit  : 
		Unchanged: 
 Data sizes:     COMMON   BANK0   BANK1   BANK3   BANK2
      Params:         0      12       0       0       0
      Locals:         0       2       0       0       0
      Temps:          0       4       0       0       0
      Totals:         0      18       0       0       0
Total ram usage:       18 bytes
 Hardware stack levels used:    1
 Hardware stack levels required when called:    2
 This function calls:
		___lwdiv
		___wmul
 This function is called by:
		_main
 This function uses a non-reentrant model


 *************** function ___wmul *****************
 Defined at:
		line 15 in file "/opt/microchip/xc8/v1.43/sources/common/Umul16.c"
 Parameters:    Size  Location     Type
  multiplier      2    4[COMMON] unsigned int 
  multiplicand    2    6[COMMON] unsigned int 
 Auto vars:     Size  Location     Type
  product         2    8[COMMON] unsigned int 
 Return value:  Size  Location     Type
                  2    4[COMMON] unsigned int 
 Registers used:
		wreg, status,2, status,0
 Tracked objects:
		On entry : 
		On exit  : 
		Unchanged: 
 Data sizes:     COMMON   BANK0   BANK1   BANK3   BANK2
      Params:         4       0       0       0       0
      Locals:         2       0       0       0       0
      Temps:          0       0       0       0       0
      Totals:         6       0       0       0       0
Total ram usage:        6 bytes
 Hardware stack levels used:    1
 Hardware stack levels required when called:    1
 This function calls:
		Nothing
 This function is called by:
		_rps_timer1
		_main
 This function uses a non-reentrant model


 *************** function ___lwdiv *****************
 Defined at:
		line 6 in file "/opt/microchip/xc8/v1.43/sources/common/lwdiv.c"
 Parameters:    Size  Location     Type
  divisor         2    0[BANK0 ] unsigned int 
  dividend        2    2[BANK0 ] unsigned int 
 Auto vars:     Size  Location     Type
  quotient        2    5[BANK0 ] unsigned int 
  counter         1    7[BANK0 ] unsigned char 
 Return value:  Size  Location     Type
                  2    0[BANK0 ] unsigned int 
 Registers used:
		wreg, status,2, status,0
 Tracked objects:
		On entry : 
		On exit  : 
		Unchanged: 
 Data sizes:     COMMON   BANK0   BANK1   BANK3   BANK2
      Params:         0       4       0       0       0
      Locals:         0       3       0       0       0
      Temps:          0       1       0       0       0
      Totals:         0       8       0       0       0
Total ram usage:        8 bytes
 Hardware stack levels used:    1
 Hardware stack levels required when called:    1
 This function calls:
		Nothing
 This function is called by:
		_rps_timer1
		_main
 This function uses a non-reentrant model


 *************** function _raycast_intersection_cleared *****************
 Defined at:
		line 34 in file "main.c"
 Parameters:    Size  Location     Type
		None
 Auto vars:     Size  Location     Type
		None
 Return value:  Size  Location     Type
                  1    wreg      void 
 Registers used:
		wreg
 Tracked objects:
		On entry : 
		On exit  : 
		Unchanged: 
 Data sizes:     COMMON   BANK0   BANK1   BANK3   BANK2
      Params:         0       0       0       0       0
      Locals:         0       0       0       0       0
      Temps:          4       0       0       0       0
      Totals:         4       0       0       0       0
Total ram usage:        4 bytes
 Hardware stack levels used:    1
 This function calls:
		Nothing
 This function is called by:
		Interrupt level 1
 This function uses a non-reentrant model



MODULE INFORMATION

Module		Function		Class		Link	Load	Size
/opt/microchip/xc8/v1.43/sources/common/Umul16.c
		___wmul        		CODE           	019B	0000	34

/opt/microchip/xc8/v1.43/sources/common/Umul16.c estimated size: 34

/opt/microchip/xc8/v1.43/sources/common/lwdiv.c
		___lwdiv       		CODE           	015D	0000	63

/opt/microchip/xc8/v1.43/sources/common/lwdiv.c estimated size: 63

shared
		__stringtab    		STRING         	01EB	0000	7
		_T1FOSC        		STRING         	01F3	0000	3
		_RPSMIN        		STRING         	01F1	0000	3
		__initialization		CODE           	0015	0000	13

shared estimated size: 26

main.c
		_main          		CODE           	00E7	0000	119
		_raycast_intersection_cleared		CODE           	01BC	0000	21
		_rps_timer1    		CODE           	0025	0000	195

main.c estimated size: 335

