Microchip MPLAB XC8 Compiler V1.43 ()

Linker command line:

-W-3 --edf=/opt/microchip/xc8/v1.43/dat/en_msgs.txt -cs \
  -h+dist/default/production/fan.X.production.sym \
  --cmf=dist/default/production/fan.X.production.cmf -z -Q16F877A \
  -o/tmp/xcXCXybxg -Mdist/default/production/fan.X.production.map -E1 \
  -ver=XC8 -ASTACK=0110h-016fh -pstack=STACK \
  -ACODE=0255h-07FFh,0800h-0FFFhx3 -ASTRCODE=0255h-01FFFh \
  -ASTRING=0255h-02FFh,0300h-03FFhx29 -ACONST=0255h-02FFh,0300h-03FFhx29 \
  -AENTRY=0255h-02FFh,0300h-03FFhx29 -ACOMMON=070h-07Fh -ABANK0=020h-06Fh \
  -ABANK1=0A0h-0EFh -ABANK2=0110h-016Fh -ABANK3=0190h-01EFh \
  -ARAM=020h-06Fh,0A0h-0EFh,0110h-016Fh,0190h-01EFh \
  -AABS1=020h-07Fh,0A0h-0EFh,0110h-016Fh,0190h-01EFh -ASFR0=00h-01Fh \
  -ASFR1=080h-09Fh -ASFR2=0100h-010Fh -ASFR3=0180h-018Fh \
  -preset_vec=0255h,intentry=0259h,init,end_init -ppowerup=CODE \
  -pcinit=CODE -pfunctab=ENTRY -ACONFIG=02007h-02007h -pconfig=CONFIG \
  -DCONFIG=2 -AIDLOC=02000h-02003h -pidloc=IDLOC -DIDLOC=2 \
  -AEEDATA=00h-0FFh/02100h -peeprom_data=EEDATA -DEEDATA=2 -DCODE=2 \
  -DSTRCODE=2 -DSTRING=2 -DCONST=2 -DENTRY=2 -k /tmp/xcXGc87VA.obj \
  dist/default/production/fan.X.production.obj 

Object code version is 3.11

Machine type is 16F877A



                Name                               Link     Load   Length Selector   Space Scale
/tmp/xcXGc87VA.obj
                end_init                            267      267        3      4B2       0
                reset_vec                           255      255        3      4AA       0
dist/default/production/fan.X.production.obj
                cinit                               26A      26A       10      4B2       0
                intentry                            259      259        E      4B2       0
                text7                               53D      53D       14      4B2       0
                text6                               480      480       5B      4B2       0
                text5                               551      551       13      4B2       0
                text4                               51C      51C       21      4B2       0
                text3                               370      370       8F      4B2       0
                text2                               4DB      4DB       41      4B2       0
                text1                               27A      27A       F6      4B2       0
                maintext                            3FF      3FF       81      4B2       0
                cstackBANK0                          20       20       3C       20       1
                cstackCOMMON                         70       70        A       70       1
                inittext                            564      564       11      4B2       0
                dataBANK0                            5C       5C        A       20       1
                idataBANK0                          575      575        A      4B2       0

TOTAL           Name                               Link     Load   Length     Space
        CLASS   STACK          

        CLASS   CODE           
                end_init                            267      267        3         0
                cinit                               26A      26A       10         0
                intentry                            259      259        E         0
                reset_vec                           255      255        3         0
                text7                               53D      53D       14         0
                text6                               480      480       5B         0
                text5                               551      551       13         0
                text4                               51C      51C       21         0
                text3                               370      370       8F         0
                text2                               4DB      4DB       41         0
                text1                               27A      27A       F6         0
                maintext                            3FF      3FF       81         0
                inittext                            564      564       11         0
                idataBANK0                          575      575        A         0

        CLASS   STRCODE        

        CLASS   STRING         

        CLASS   CONST          

        CLASS   ENTRY          

        CLASS   COMMON         
                cstackCOMMON                         70       70        A         1

        CLASS   BANK0          
                cstackBANK0                          20       20       3C         1
                dataBANK0                            5C       5C        A         1

        CLASS   BANK1          

        CLASS   BANK2          

        CLASS   BANK3          

        CLASS   RAM            

        CLASS   ABS1           
                abs_s1                               7E       7E        2         1

        CLASS   SFR0           

        CLASS   SFR1           

        CLASS   SFR2           

        CLASS   SFR3           

        CLASS   CONFIG         

        CLASS   IDLOC          

        CLASS   EEDATA         



SEGMENTS        Name                           Load    Length   Top    Selector   Space  Class     Delta

                cstackBANK0                    000020  000046  000066        20       1  BANK0       1
                cstackCOMMON                   000070  00000A  00007A        70       1  COMMON      1
                reset_vec                      000255  000003  000258       4AA       0  CODE        2
                intentry                       000259  000326  00057F       4B2       0  CODE        2


UNUSED ADDRESS RANGES

        Name                Unused          Largest block    Delta
        BANK0            066-06F             A           1
        BANK1            0A0-0EF            50           1
        BANK2            110-16F            60           1
        BANK3            190-1EF            60           1
        CODE             258-258             1           2
                         57F-1FFF           800
        COMMON           07A-07D             4           1
        CONFIG           2007-2007             1           2
        CONST            258-258             1           2
                         57F-1FFF           100
        EEDATA           2100-21FF           100           2
        ENTRY            258-258             1           2
                         57F-1FFF           100
        IDLOC            2000-2003             4           2
        RAM              066-06F             A           1
                         0A0-0EF            50
                         110-16F            60
                         190-1EF            60
        SFR0             000-01F            20           1
        SFR1             080-09F            20           1
        SFR2             100-10F            10           1
        SFR3             180-18F            10           1
        STACK            110-16F            60           1
        STRCODE          258-258             1           2
                         57F-1FFF          1A81
        STRING           258-258             1           2
                         57F-1FFF           100

                                  Symbol Table

?___aldiv                              cstackBANK0  020
?___awdiv                              cstackBANK0  020
?___lmul                               cstackBANK0  02E
?___wmul                               cstackCOMMON 074
?_rpm_timer                            cstackBANK0  036
_CCP1CON                               (abs)        017
_CCP1M2                                (abs)        0BA
_CCP1M3                                (abs)        0BB
_CCPR1L                                (abs)        015
_FAN                                   dataBANK0    05C
_GIE                                   (abs)        05F
_INTE                                  (abs)        05C
_INTEDG                                (abs)        40E
_INTF                                  (abs)        059
_PR2                                   (abs)        092
_RB7                                   (abs)        037
_T1CKPS0                               (abs)        084
_T1CKPS1                               (abs)        085
_T2CKPS0                               (abs)        090
_T2CKPS1                               (abs)        091
_TMR1                                  (abs)        00E
_TMR1CS                                (abs)        081
_TMR1ON                                (abs)        080
_TMR2ON                                (abs)        092
_TRISB0                                (abs)        430
_TRISB7                                (abs)        437
_TRISC2                                (abs)        43A
__Habs1                                abs1         000
__Hbank0                               bank0        000
__Hbank1                               bank1        000
__Hbank2                               bank2        000
__Hbank3                               bank3        000
__Hcinit                               cinit        27A
__Hclrtext                             clrtext      000
__Hcode                                code         000
__Hcommon                              common       000
__Hconfig                              config       000
__HcstackBANK0                         cstackBANK0  000
__HcstackCOMMON                        cstackCOMMON 000
__HdataBANK0                           dataBANK0    000
__Heeprom_data                         eeprom_data  000
__Hend_init                            end_init     26A
__Hfunctab                             functab      000
__HidataBANK0                          idataBANK0   000
__Hidloc                               idloc        000
__Hinit                                init         267
__Hinittext                            inittext     000
__Hintentry                            intentry     267
__Hmaintext                            maintext     000
__Hpowerup                             powerup      000
__Hram                                 ram          000
__Hreset_vec                           reset_vec    258
__Hsfr0                                sfr0         000
__Hsfr1                                sfr1         000
__Hsfr2                                sfr2         000
__Hsfr3                                sfr3         000
__Hspace_0                             (abs)        57F
__Hspace_1                             (abs)        07A
__Hspace_2                             (abs)        000
__Hspace_3                             (abs)        000
__Hstack                               stack        000
__Hstrings                             strings      000
__Htext                                text         000
__Labs1                                abs1         000
__Lbank0                               bank0        000
__Lbank1                               bank1        000
__Lbank2                               bank2        000
__Lbank3                               bank3        000
__Lcinit                               cinit        26A
__Lclrtext                             clrtext      000
__Lcode                                code         000
__Lcommon                              common       000
__Lconfig                              config       000
__LcstackBANK0                         cstackBANK0  000
__LcstackCOMMON                        cstackCOMMON 000
__LdataBANK0                           dataBANK0    000
__Leeprom_data                         eeprom_data  000
__Lend_init                            end_init     267
__Lfunctab                             functab      000
__LidataBANK0                          idataBANK0   000
__Lidloc                               idloc        000
__Linit                                init         267
__Linittext                            inittext     000
__Lintentry                            intentry     259
__Lmaintext                            maintext     000
__Lpowerup                             powerup      000
__Lram                                 ram          000
__Lreset_vec                           reset_vec    255
__Lsfr0                                sfr0         000
__Lsfr1                                sfr1         000
__Lsfr2                                sfr2         000
__Lsfr3                                sfr3         000
__Lspace_0                             (abs)        000
__Lspace_1                             (abs)        000
__Lspace_2                             (abs)        000
__Lspace_3                             (abs)        000
__Lstack                               stack        000
__Lstrings                             strings      000
__Ltext                                text         000
__S0                                   (abs)        57F
__S1                                   (abs)        07A
__S2                                   (abs)        000
__S3                                   (abs)        000
___aldiv                               text3        370
___aldiv@counter                       cstackBANK0  028
___aldiv@dividend                      cstackBANK0  024
___aldiv@divisor                       cstackBANK0  020
___aldiv@quotient                      cstackBANK0  02A
___aldiv@sign                          cstackBANK0  029
___awdiv                               text6        480
___awdiv@counter                       cstackBANK0  025
___awdiv@dividend                      cstackBANK0  022
___awdiv@divisor                       cstackBANK0  020
___awdiv@quotient                      cstackBANK0  027
___awdiv@sign                          cstackBANK0  026
___bmul                                text5        551
___bmul@multiplicand                   cstackBANK0  029
___bmul@multiplier                     cstackBANK0  02C
___bmul@product                        cstackBANK0  02B
___int_sp                              stack        000
___latbits                             (abs)        002
___lmul                                text2        4DB
___lmul@multiplicand                   cstackBANK0  032
___lmul@multiplier                     cstackBANK0  02E
___lmul@product                        cstackCOMMON 076
___sp                                  stack        000
___wmul                                text4        51C
___wmul@multiplicand                   cstackCOMMON 076
___wmul@multiplier                     cstackCOMMON 074
___wmul@product                        cstackCOMMON 078
__end_of___aldiv                       text3        3FF
__end_of___awdiv                       text6        4DB
__end_of___bmul                        text5        564
__end_of___lmul                        text2        51C
__end_of___wmul                        text4        53D
__end_of__initialization               cinit        276
__end_of_main                          maintext     480
__end_of_raycast_intersection_cleared  text7        551
__end_of_rpm_timer                     text1        370
__initialization                       cinit        26A
__pcstackBANK0                         cstackBANK0  020
__pcstackCOMMON                        cstackCOMMON 070
__pdataBANK0                           dataBANK0    05C
__pidataBANK0                          idataBANK0   575
__pintentry                            intentry     259
__pmaintext                            maintext     3FF
__ptext1                               text1        27A
__ptext2                               text2        4DB
__ptext3                               text3        370
__ptext4                               text4        51C
__ptext5                               text5        551
__ptext6                               text6        480
__ptext7                               text7        53D
__size_of___aldiv                      (abs)        000
__size_of___awdiv                      (abs)        000
__size_of___bmul                       (abs)        000
__size_of___lmul                       (abs)        000
__size_of___wmul                       (abs)        000
__size_of_main                         (abs)        000
__size_of_raycast_intersection_cleared (abs)        000
__size_of_rpm_timer                    (abs)        000
_main                                  maintext     3FF
_nRBPU                                 (abs)        40F
_raycast_intersection_cleared          text7        53D
_rpm_timer                             text1        27A
_rpm_timer$469                         cstackBANK0  046
btemp                                  (abs)        07E
end_of_initialization                  cinit        276
init_fetch0                            inittext     564
init_ram0                              inittext     568
interrupt_function                     intentry     259
intlevel0                              functab      000
intlevel1                              functab      000
intlevel2                              functab      000
intlevel3                              functab      000
intlevel4                              functab      000
intlevel5                              functab      000
reset_vec                              reset_vec    255
rpm_timer@in                           cstackBANK0  036
rpm_timer@out                          cstackBANK0  04A
rpm_timer@t                            cstackBANK0  040
saved_w                                (abs)        07E
stackhi                                (abs)        000
stacklo                                (abs)        000
start                                  init         267
start_initialization                   cinit        26A
wtemp0                                 (abs)        07E


FUNCTION INFORMATION:

 *************** function _main *****************
 Defined at:
		line 52 in file "main.c"
 Parameters:    Size  Location     Type
		None
 Auto vars:     Size  Location     Type
		None
 Return value:  Size  Location     Type
                  2   65[None  ] int 
 Registers used:
		wreg, fsr0l, fsr0h, status,2, status,0, btemp+1, pclath, cstack
 Tracked objects:
		On entry : 
		On exit  : 
		Unchanged: 
 Data sizes:     COMMON   BANK0   BANK1   BANK3   BANK2
      Params:         0       0       0       0       0
      Locals:         0       0       0       0       0
      Temps:          0       8       0       0       0
      Totals:         0       8       0       0       0
Total ram usage:        8 bytes
 Hardware stack levels required when called:    3
 This function calls:
		___awdiv
		___bmul
		___wmul
		_rpm_timer
 This function is called by:
		Startup code after reset
 This function uses a non-reentrant model


 *************** function _rpm_timer *****************
 Defined at:
		line 27 in file "main.c"
 Parameters:    Size  Location     Type
  in             10   22[BANK0 ] struct .
  t               2   32[BANK0 ] unsigned int 
 Auto vars:     Size  Location     Type
  out            10   42[BANK0 ] struct .
 Return value:  Size  Location     Type
                  10   22[BANK0 ] struct .
 Registers used:
		wreg, fsr0l, fsr0h, status,2, status,0, btemp+1, pclath, cstack
 Tracked objects:
		On entry : 
		On exit  : 
		Unchanged: 
 Data sizes:     COMMON   BANK0   BANK1   BANK3   BANK2
      Params:         0      12       0       0       0
      Locals:         0      14       0       0       0
      Temps:          0       4       0       0       0
      Totals:         0      30       0       0       0
Total ram usage:       30 bytes
 Hardware stack levels used:    1
 Hardware stack levels required when called:    2
 This function calls:
		___aldiv
		___lmul
 This function is called by:
		_main
 This function uses a non-reentrant model


 *************** function ___lmul *****************
 Defined at:
		line 15 in file "/opt/microchip/xc8/v1.43/sources/common/Umul32.c"
 Parameters:    Size  Location     Type
  multiplier      4   14[BANK0 ] unsigned long 
  multiplicand    4   18[BANK0 ] unsigned long 
 Auto vars:     Size  Location     Type
  product         4    6[COMMON] unsigned long 
 Return value:  Size  Location     Type
                  4   14[BANK0 ] unsigned long 
 Registers used:
		wreg, status,2, status,0
 Tracked objects:
		On entry : 
		On exit  : 
		Unchanged: 
 Data sizes:     COMMON   BANK0   BANK1   BANK3   BANK2
      Params:         0       8       0       0       0
      Locals:         4       0       0       0       0
      Temps:          1       0       0       0       0
      Totals:         5       8       0       0       0
Total ram usage:       13 bytes
 Hardware stack levels used:    1
 Hardware stack levels required when called:    1
 This function calls:
		Nothing
 This function is called by:
		_rpm_timer
 This function uses a non-reentrant model


 *************** function ___aldiv *****************
 Defined at:
		line 6 in file "/opt/microchip/xc8/v1.43/sources/common/aldiv.c"
 Parameters:    Size  Location     Type
  divisor         4    0[BANK0 ] long 
  dividend        4    4[BANK0 ] long 
 Auto vars:     Size  Location     Type
  quotient        4   10[BANK0 ] long 
  sign            1    9[BANK0 ] unsigned char 
  counter         1    8[BANK0 ] unsigned char 
 Return value:  Size  Location     Type
                  4    0[BANK0 ] long 
 Registers used:
		wreg, status,2, status,0
 Tracked objects:
		On entry : 
		On exit  : 
		Unchanged: 
 Data sizes:     COMMON   BANK0   BANK1   BANK3   BANK2
      Params:         0       8       0       0       0
      Locals:         0       6       0       0       0
      Temps:          1       0       0       0       0
      Totals:         1      14       0       0       0
Total ram usage:       15 bytes
 Hardware stack levels used:    1
 Hardware stack levels required when called:    1
 This function calls:
		Nothing
 This function is called by:
		_rpm_timer
 This function uses a non-reentrant model


 *************** function ___wmul *****************
 Defined at:
		line 15 in file "/opt/microchip/xc8/v1.43/sources/common/Umul16.c"
 Parameters:    Size  Location     Type
  multiplier      2    4[COMMON] unsigned int 
  multiplicand    2    6[COMMON] unsigned int 
 Auto vars:     Size  Location     Type
  product         2    8[COMMON] unsigned int 
 Return value:  Size  Location     Type
                  2    4[COMMON] unsigned int 
 Registers used:
		wreg, status,2, status,0
 Tracked objects:
		On entry : 
		On exit  : 
		Unchanged: 
 Data sizes:     COMMON   BANK0   BANK1   BANK3   BANK2
      Params:         4       0       0       0       0
      Locals:         2       0       0       0       0
      Temps:          0       0       0       0       0
      Totals:         6       0       0       0       0
Total ram usage:        6 bytes
 Hardware stack levels used:    1
 Hardware stack levels required when called:    1
 This function calls:
		Nothing
 This function is called by:
		_main
 This function uses a non-reentrant model


 *************** function ___bmul *****************
 Defined at:
		line 4 in file "/opt/microchip/xc8/v1.43/sources/common/Umul8.c"
 Parameters:    Size  Location     Type
  multiplier      1    wreg     unsigned char 
  multiplicand    1    9[BANK0 ] unsigned char 
 Auto vars:     Size  Location     Type
  multiplier      1   12[BANK0 ] unsigned char 
  product         1   11[BANK0 ] unsigned char 
 Return value:  Size  Location     Type
                  1    wreg      unsigned char 
 Registers used:
		wreg, status,2, status,0
 Tracked objects:
		On entry : 
		On exit  : 
		Unchanged: 
 Data sizes:     COMMON   BANK0   BANK1   BANK3   BANK2
      Params:         0       1       0       0       0
      Locals:         0       2       0       0       0
      Temps:          0       1       0       0       0
      Totals:         0       4       0       0       0
Total ram usage:        4 bytes
 Hardware stack levels used:    1
 Hardware stack levels required when called:    1
 This function calls:
		Nothing
 This function is called by:
		_main
 This function uses a non-reentrant model


 *************** function ___awdiv *****************
 Defined at:
		line 6 in file "/opt/microchip/xc8/v1.43/sources/common/awdiv.c"
 Parameters:    Size  Location     Type
  divisor         2    0[BANK0 ] int 
  dividend        2    2[BANK0 ] int 
 Auto vars:     Size  Location     Type
  quotient        2    7[BANK0 ] int 
  sign            1    6[BANK0 ] unsigned char 
  counter         1    5[BANK0 ] unsigned char 
 Return value:  Size  Location     Type
                  2    0[BANK0 ] int 
 Registers used:
		wreg, status,2, status,0
 Tracked objects:
		On entry : 
		On exit  : 
		Unchanged: 
 Data sizes:     COMMON   BANK0   BANK1   BANK3   BANK2
      Params:         0       4       0       0       0
      Locals:         0       4       0       0       0
      Temps:          0       1       0       0       0
      Totals:         0       9       0       0       0
Total ram usage:        9 bytes
 Hardware stack levels used:    1
 Hardware stack levels required when called:    1
 This function calls:
		Nothing
 This function is called by:
		_main
 This function uses a non-reentrant model


 *************** function _raycast_intersection_cleared *****************
 Defined at:
		line 20 in file "main.c"
 Parameters:    Size  Location     Type
		None
 Auto vars:     Size  Location     Type
		None
 Return value:  Size  Location     Type
                  1    wreg      void 
 Registers used:
		wreg
 Tracked objects:
		On entry : 
		On exit  : 
		Unchanged: 
 Data sizes:     COMMON   BANK0   BANK1   BANK3   BANK2
      Params:         0       0       0       0       0
      Locals:         0       0       0       0       0
      Temps:          4       0       0       0       0
      Totals:         4       0       0       0       0
Total ram usage:        4 bytes
 Hardware stack levels used:    1
 This function calls:
		Nothing
 This function is called by:
		Interrupt level 1
 This function uses a non-reentrant model



MODULE INFORMATION

Module		Function		Class		Link	Load	Size
/opt/microchip/xc8/v1.43/sources/common/Umul16.c
		___wmul        		CODE           	051C	0000	34

/opt/microchip/xc8/v1.43/sources/common/Umul16.c estimated size: 34

/opt/microchip/xc8/v1.43/sources/common/Umul8.c
		___bmul        		CODE           	0551	0000	20

/opt/microchip/xc8/v1.43/sources/common/Umul8.c estimated size: 20

/opt/microchip/xc8/v1.43/sources/common/awdiv.c
		___awdiv       		CODE           	0480	0000	92

/opt/microchip/xc8/v1.43/sources/common/awdiv.c estimated size: 92

/opt/microchip/xc8/v1.43/sources/common/Umul32.c
		___lmul        		CODE           	04DB	0000	66

/opt/microchip/xc8/v1.43/sources/common/Umul32.c estimated size: 66

/opt/microchip/xc8/v1.43/sources/common/aldiv.c
		___aldiv       		CODE           	0370	0000	144

/opt/microchip/xc8/v1.43/sources/common/aldiv.c estimated size: 144

shared
		__initialization		CODE           	026A	0000	13

shared estimated size: 13

main.c
		_main          		CODE           	03FF	0000	130
		_rpm_timer     		CODE           	027A	0000	247
		_raycast_intersection_cleared		CODE           	053D	0000	21

main.c estimated size: 398

